// Jest Snapshot v1, https://goo.gl/fbAQLP

exports[`renders Resize component 1`] = `ShallowWrapper {}`;
