// Jest Snapshot v1, https://goo.gl/fbAQLP

exports[`renders Resizable component 1`] = `ShallowWrapper {}`;
